// Jest Snapshot v1, https://goo.gl/fbAQLP

exports[`<Kpis /> matches the snapshot 1`] = `
<div>
  <div
    class="MuiGrid-root MuiGrid-item MuiGrid-grid-xs-12 MuiGrid-grid-sm-4 MuiGrid-grid-md-4 MuiGrid-grid-lg-4 MuiGrid-grid-xl-4"
  >
    <div
      class="HvKpi-root"
    >
      <div>
        <p
          class="HvTypography-root HvTypography-highlightText"
        >
          components.details.kpis.title
        </p>
      </div>
      <div
        class="HvKpi-indicatorsContainer"
      >
        <h2
          class="HvKpi-spacingToTheRight HvKpi-indicatorText HvTypography-root HvTypography-lTitle"
        >
          components.details.kpis.indicator
        </h2>
      </div>
      <div
        class="HvKpi-comparisonComposition"
      >
        <div>
          <div
            class="HvKpi-comparisonContainer"
          >
            <div
              class="HvKpi-spacingToTheRight"
              variant="highlightText"
            >
              <p
                class="HvTypography-root HvTypography-highlightText"
              >
                components.details.kpis.comparisonIndicator
              </p>
            </div>
          </div>
          <div
            class="HvKpi-comparisonContainer"
          >
            <p
              class="HvTypography-root HvTypography-vizText"
            >
              components.details.kpis.comparisonIndicatorInfo
            </p>
          </div>
        </div>
      </div>
    </div>
  </div>
  <div
    class="MuiGrid-root MuiGrid-item MuiGrid-grid-xs-12 MuiGrid-grid-sm-4 MuiGrid-grid-md-4 MuiGrid-grid-lg-4 MuiGrid-grid-xl-4"
  >
    <div
      class="HvKpi-root"
    >
      <div>
        <p
          class="HvTypography-root HvTypography-highlightText"
        >
          components.details.kpis.title
        </p>
      </div>
      <div
        class="HvKpi-indicatorsContainer"
      >
        <div
          class="HvKpi-visualIndicatorContainer HvKpi-spacingToTheRight"
        >
          <div
            class="HvIconBase-root HvIconBase-s"
            name="Level0Good"
          >
            <svg
              focusable="false"
              height="24"
              viewBox="0 0 24 24"
              width="24"
              xmlns="http://www.w3.org/2000/svg"
            >
              <circle
                class="color0"
                cx="12"
                cy="12"
                fill="#59941B"
                r="12"
              />
              <path
                class="color1"
                d="M9.95 17.1l-3.7-3.8 1.4-1.4 2.3 2.2 6.2-7.2 1.6 1.4z"
                fill="#F0F0F0"
              />
            </svg>
          </div>
        </div>
        <h2
          class="HvKpi-spacingToTheRight HvKpi-indicatorText HvTypography-root HvTypography-lTitle"
        >
          components.details.kpis.indicator
        </h2>
      </div>
    </div>
  </div>
  <div
    class="MuiGrid-root MuiGrid-item MuiGrid-grid-xs-12 MuiGrid-grid-sm-4 MuiGrid-grid-md-4 MuiGrid-grid-lg-4 MuiGrid-grid-xl-4"
  >
    <div
      class="HvKpi-root"
    >
      <div>
        <p
          class="HvTypography-root HvTypography-highlightText"
        >
          components.details.kpis.title
        </p>
      </div>
      <div
        class="HvKpi-indicatorsContainer"
      >
        <h2
          class="HvKpi-spacingToTheRight HvKpi-indicatorText HvTypography-root HvTypography-lTitle"
        >
          components.details.kpis.indicator
        </h2>
      </div>
    </div>
  </div>
</div>
`;
