// Jest Snapshot v1, https://goo.gl/fbAQLP

exports[`<NotFound /> it matches the snapshot 1`] = `
<div>
  <div
    class="makeStyles-section-2"
  >
    <div
      class="MuiContainer-root-9 HvContainer-root makeStyles-container-3 MuiContainer-maxWidthXl-16 HvContainer-maxWidthXl"
    >
      <div
        class="MuiGrid-root-17 MuiGrid-container-18 MuiGrid-spacing-xs-2-41"
      >
        <div
          class="MuiGrid-root-17 MuiGrid-item-19 MuiGrid-grid-xl-12-119"
        >
          <h1
            class="NotFound-title-1 HvTypography-root HvTypography-3xlTitle"
          >
            pages.notFound.title
          </h1>
        </div>
      </div>
    </div>
  </div>
</div>
`;
