// Jest Snapshot v1, https://goo.gl/fbAQLP

exports[`<NotFound /> it matches the snapshot 1`] = `
<div>
  <div
    class="makeStyles-section-2"
    style="margin-top: 44px;"
  >
    <div
      class="MuiContainer-root HvContainer-root makeStyles-container-3 MuiContainer-maxWidthXl HvContainer-maxWidthXl"
    >
      <div
        class="MuiGrid-root MuiGrid-container MuiGrid-spacing-xs-2"
      >
        <div
          class="MuiGrid-root MuiGrid-item MuiGrid-grid-xl-12"
        >
          <h1
            class="NotFound-title-1 HvTypography-root HvTypography-3xlTitle"
          >
            pages.notFound.title
          </h1>
        </div>
      </div>
    </div>
  </div>
</div>
`;
